{
  "version": "1.5.0",
  "plugins_used": [
    {
      "name": "ArtifactoryDetector"
    },
    {
      "name": "AWSKeyDetector"
    },
    {
      "name": "AzureStorageKeyDetector"
    },
    {
      "name": "Base64HighEntropyString",
      "limit": 4.5
    },
    {
      "name": "BasicAuthDetector"
    },
    {
      "name": "CloudantDetector"
    },
    {
      "name": "DiscordBotTokenDetector"
    },
    {
      "name": "GitHubTokenDetector"
    },
    {
      "name": "GitLabTokenDetector"
    },
    {
      "name": "HexHighEntropyString",
      "limit": 3.0
    },
    {
      "name": "IbmCloudIamDetector"
    },
    {
      "name": "IbmCosHmacDetector"
    },
    {
      "name": "IPPublicDetector"
    },
    {
      "name": "JwtTokenDetector"
    },
    {
      "name": "KeywordDetector",
      "keyword_exclude": ""
    },
    {
      "name": "MailchimpDetector"
    },
    {
      "name": "NpmDetector"
    },
    {
      "name": "OpenAIDetector"
    },
    {
      "name": "PrivateKeyDetector"
    },
    {
      "name": "PypiTokenDetector"
    },
    {
      "name": "SendGridDetector"
    },
    {
      "name": "SlackDetector"
    },
    {
      "name": "SoftlayerDetector"
    },
    {
      "name": "SquareOAuthDetector"
    },
    {
      "name": "StripeDetector"
    },
    {
      "name": "TelegramBotTokenDetector"
    },
    {
      "name": "TwilioKeyDetector"
    }
  ],
  "filters_used": [
    {
      "path": "detect_secrets.filters.allowlist.is_line_allowlisted"
    },
    {
      "path": "detect_secrets.filters.common.is_baseline_file",
      "filename": ".secrets.baseline"
    },
    {
      "path": "detect_secrets.filters.common.is_ignored_due_to_verification_policies",
      "min_level": 2
    },
    {
      "path": "detect_secrets.filters.heuristic.is_indirect_reference"
    },
    {
      "path": "detect_secrets.filters.heuristic.is_likely_id_string"
    },
    {
      "path": "detect_secrets.filters.heuristic.is_lock_file"
    },
    {
      "path": "detect_secrets.filters.heuristic.is_not_alphanumeric_string"
    },
    {
      "path": "detect_secrets.filters.heuristic.is_potential_uuid"
    },
    {
      "path": "detect_secrets.filters.heuristic.is_prefixed_with_dollar_sign"
    },
    {
      "path": "detect_secrets.filters.heuristic.is_sequential_string"
    },
    {
      "path": "detect_secrets.filters.heuristic.is_swagger_file"
    },
    {
      "path": "detect_secrets.filters.heuristic.is_templated_secret"
    },
    {
      "path": "detect_secrets.filters.regex.should_exclude_file",
      "pattern": [
        "\\.git/"
      ]
    }
  ],
  "results": {
    "reports/binance-public-archive/baselines-2026-06-v3.json": [
      {
        "type": "Hex High Entropy String",
        "filename": "reports/binance-public-archive/baselines-2026-06-v3.json",
        "hashed_secret": "9266fe550d70682eba57f0bf39fa351472b6c77d",
        "is_verified": false,
        "line_number": 22
      },
      {
        "type": "Hex High Entropy String",
        "filename": "reports/binance-public-archive/baselines-2026-06-v3.json",
        "hashed_secret": "4fd0a4d091c5e2406e04e0d5b4b17f424aef0a10",
        "is_verified": false,
        "line_number": 23
      },
      {
        "type": "Hex High Entropy String",
        "filename": "reports/binance-public-archive/baselines-2026-06-v3.json",
        "hashed_secret": "8d67f9e0c8bdea98e644d45213c787013b41dcbc",
        "is_verified": false,
        "line_number": 24
      },
      {
        "type": "Hex High Entropy String",
        "filename": "reports/binance-public-archive/baselines-2026-06-v3.json",
        "hashed_secret": "44569d65ad2036a297aa546508083c3e91ba99b6",
        "is_verified": false,
        "line_number": 58
      },
      {
        "type": "Hex High Entropy String",
        "filename": "reports/binance-public-archive/baselines-2026-06-v3.json",
        "hashed_secret": "6f81574d9f9107f4f6d2672f2222f9f0e075c0f0",
        "is_verified": false,
        "line_number": 60
      }
    ],
    "reports/binance-public-archive/baselines-2026-07-v1.json": [
      {
        "type": "Hex High Entropy String",
        "filename": "reports/binance-public-archive/baselines-2026-07-v1.json",
        "hashed_secret": "f345507a460c47c92fc32f6fdd78bb851ed73c8d",
        "is_verified": false,
        "line_number": 5
      },
      {
        "type": "Hex High Entropy String",
        "filename": "reports/binance-public-archive/baselines-2026-07-v1.json",
        "hashed_secret": "ab7c0c832e75cd7ac01086880f24350f1e22a3b4",
        "is_verified": false,
        "line_number": 6
      },
      {
        "type": "Hex High Entropy String",
        "filename": "reports/binance-public-archive/baselines-2026-07-v1.json",
        "hashed_secret": "703da334a248f3793b8f277ccb243b21976db73a",
        "is_verified": false,
        "line_number": 7
      },
      {
        "type": "Hex High Entropy String",
        "filename": "reports/binance-public-archive/baselines-2026-07-v1.json",
        "hashed_secret": "3710bd2ee1ab6f8e7dcead56523761ce22cc3653",
        "is_verified": false,
        "line_number": 17
      },
      {
        "type": "Hex High Entropy String",
        "filename": "reports/binance-public-archive/baselines-2026-07-v1.json",
        "hashed_secret": "bfe57514822c6c4dc66ca9052d76d6f37608d3f6",
        "is_verified": false,
        "line_number": 19
      }
    ],
    "reports/binance-public-archive/baselines-2026-07-v2.json": [
      {
        "type": "Hex High Entropy String",
        "filename": "reports/binance-public-archive/baselines-2026-07-v2.json",
        "hashed_secret": "f345507a460c47c92fc32f6fdd78bb851ed73c8d",
        "is_verified": false,
        "line_number": 22
      },
      {
        "type": "Hex High Entropy String",
        "filename": "reports/binance-public-archive/baselines-2026-07-v2.json",
        "hashed_secret": "ab7c0c832e75cd7ac01086880f24350f1e22a3b4",
        "is_verified": false,
        "line_number": 23
      },
      {
        "type": "Hex High Entropy String",
        "filename": "reports/binance-public-archive/baselines-2026-07-v2.json",
        "hashed_secret": "703da334a248f3793b8f277ccb243b21976db73a",
        "is_verified": false,
        "line_number": 24
      },
      {
        "type": "Hex High Entropy String",
        "filename": "reports/binance-public-archive/baselines-2026-07-v2.json",
        "hashed_secret": "44569d65ad2036a297aa546508083c3e91ba99b6",
        "is_verified": false,
        "line_number": 58
      },
      {
        "type": "Hex High Entropy String",
        "filename": "reports/binance-public-archive/baselines-2026-07-v2.json",
        "hashed_secret": "bfe57514822c6c4dc66ca9052d76d6f37608d3f6",
        "is_verified": false,
        "line_number": 60
      }
    ],
    "reports/binance-public-archive/baselines-2026-07-v4.json": [
      {
        "type": "Hex High Entropy String",
        "filename": "reports/binance-public-archive/baselines-2026-07-v4.json",
        "hashed_secret": "f345507a460c47c92fc32f6fdd78bb851ed73c8d",
        "is_verified": false,
        "line_number": 22
      },
      {
        "type": "Hex High Entropy String",
        "filename": "reports/binance-public-archive/baselines-2026-07-v4.json",
        "hashed_secret": "ab7c0c832e75cd7ac01086880f24350f1e22a3b4",
        "is_verified": false,
        "line_number": 23
      },
      {
        "type": "Hex High Entropy String",
        "filename": "reports/binance-public-archive/baselines-2026-07-v4.json",
        "hashed_secret": "703da334a248f3793b8f277ccb243b21976db73a",
        "is_verified": false,
        "line_number": 24
      },
      {
        "type": "Hex High Entropy String",
        "filename": "reports/binance-public-archive/baselines-2026-07-v4.json",
        "hashed_secret": "44569d65ad2036a297aa546508083c3e91ba99b6",
        "is_verified": false,
        "line_number": 58
      },
      {
        "type": "Hex High Entropy String",
        "filename": "reports/binance-public-archive/baselines-2026-07-v4.json",
        "hashed_secret": "bfe57514822c6c4dc66ca9052d76d6f37608d3f6",
        "is_verified": false,
        "line_number": 60
      }
    ],
    "reports/binance-public-archive/extended-baselines-2026-06-v3.json": [
      {
        "type": "Hex High Entropy String",
        "filename": "reports/binance-public-archive/extended-baselines-2026-06-v3.json",
        "hashed_secret": "9266fe550d70682eba57f0bf39fa351472b6c77d",
        "is_verified": false,
        "line_number": 22
      },
      {
        "type": "Hex High Entropy String",
        "filename": "reports/binance-public-archive/extended-baselines-2026-06-v3.json",
        "hashed_secret": "4fd0a4d091c5e2406e04e0d5b4b17f424aef0a10",
        "is_verified": false,
        "line_number": 23
      },
      {
        "type": "Hex High Entropy String",
        "filename": "reports/binance-public-archive/extended-baselines-2026-06-v3.json",
        "hashed_secret": "8d67f9e0c8bdea98e644d45213c787013b41dcbc",
        "is_verified": false,
        "line_number": 24
      },
      {
        "type": "Hex High Entropy String",
        "filename": "reports/binance-public-archive/extended-baselines-2026-06-v3.json",
        "hashed_secret": "fdcb21f58f7932b8c61285932d2a26ff8c4d8ad6",
        "is_verified": false,
        "line_number": 58
      },
      {
        "type": "Hex High Entropy String",
        "filename": "reports/binance-public-archive/extended-baselines-2026-06-v3.json",
        "hashed_secret": "6f81574d9f9107f4f6d2672f2222f9f0e075c0f0",
        "is_verified": false,
        "line_number": 60
      }
    ],
    "reports/binance-public-archive/extended-baselines-2026-07-v1.json": [
      {
        "type": "Hex High Entropy String",
        "filename": "reports/binance-public-archive/extended-baselines-2026-07-v1.json",
        "hashed_secret": "f345507a460c47c92fc32f6fdd78bb851ed73c8d",
        "is_verified": false,
        "line_number": 5
      },
      {
        "type": "Hex High Entropy String",
        "filename": "reports/binance-public-archive/extended-baselines-2026-07-v1.json",
        "hashed_secret": "ab7c0c832e75cd7ac01086880f24350f1e22a3b4",
        "is_verified": false,
        "line_number": 6
      },
      {
        "type": "Hex High Entropy String",
        "filename": "reports/binance-public-archive/extended-baselines-2026-07-v1.json",
        "hashed_secret": "703da334a248f3793b8f277ccb243b21976db73a",
        "is_verified": false,
        "line_number": 7
      },
      {
        "type": "Hex High Entropy String",
        "filename": "reports/binance-public-archive/extended-baselines-2026-07-v1.json",
        "hashed_secret": "fdcb21f58f7932b8c61285932d2a26ff8c4d8ad6",
        "is_verified": false,
        "line_number": 17
      },
      {
        "type": "Hex High Entropy String",
        "filename": "reports/binance-public-archive/extended-baselines-2026-07-v1.json",
        "hashed_secret": "bfe57514822c6c4dc66ca9052d76d6f37608d3f6",
        "is_verified": false,
        "line_number": 19
      }
    ],
    "reports/binance-public-archive/extended-baselines-2026-07-v2.json": [
      {
        "type": "Hex High Entropy String",
        "filename": "reports/binance-public-archive/extended-baselines-2026-07-v2.json",
        "hashed_secret": "f345507a460c47c92fc32f6fdd78bb851ed73c8d",
        "is_verified": false,
        "line_number": 22
      },
      {
        "type": "Hex High Entropy String",
        "filename": "reports/binance-public-archive/extended-baselines-2026-07-v2.json",
        "hashed_secret": "ab7c0c832e75cd7ac01086880f24350f1e22a3b4",
        "is_verified": false,
        "line_number": 23
      },
      {
        "type": "Hex High Entropy String",
        "filename": "reports/binance-public-archive/extended-baselines-2026-07-v2.json",
        "hashed_secret": "703da334a248f3793b8f277ccb243b21976db73a",
        "is_verified": false,
        "line_number": 24
      },
      {
        "type": "Hex High Entropy String",
        "filename": "reports/binance-public-archive/extended-baselines-2026-07-v2.json",
        "hashed_secret": "fdcb21f58f7932b8c61285932d2a26ff8c4d8ad6",
        "is_verified": false,
        "line_number": 58
      },
      {
        "type": "Hex High Entropy String",
        "filename": "reports/binance-public-archive/extended-baselines-2026-07-v2.json",
        "hashed_secret": "bfe57514822c6c4dc66ca9052d76d6f37608d3f6",
        "is_verified": false,
        "line_number": 60
      }
    ],
    "reports/binance-public-archive/extended-baselines-2026-07-v4.json": [
      {
        "type": "Hex High Entropy String",
        "filename": "reports/binance-public-archive/extended-baselines-2026-07-v4.json",
        "hashed_secret": "f345507a460c47c92fc32f6fdd78bb851ed73c8d",
        "is_verified": false,
        "line_number": 22
      },
      {
        "type": "Hex High Entropy String",
        "filename": "reports/binance-public-archive/extended-baselines-2026-07-v4.json",
        "hashed_secret": "ab7c0c832e75cd7ac01086880f24350f1e22a3b4",
        "is_verified": false,
        "line_number": 23
      },
      {
        "type": "Hex High Entropy String",
        "filename": "reports/binance-public-archive/extended-baselines-2026-07-v4.json",
        "hashed_secret": "703da334a248f3793b8f277ccb243b21976db73a",
        "is_verified": false,
        "line_number": 24
      },
      {
        "type": "Hex High Entropy String",
        "filename": "reports/binance-public-archive/extended-baselines-2026-07-v4.json",
        "hashed_secret": "fdcb21f58f7932b8c61285932d2a26ff8c4d8ad6",
        "is_verified": false,
        "line_number": 58
      },
      {
        "type": "Hex High Entropy String",
        "filename": "reports/binance-public-archive/extended-baselines-2026-07-v4.json",
        "hashed_secret": "bfe57514822c6c4dc66ca9052d76d6f37608d3f6",
        "is_verified": false,
        "line_number": 60
      }
    ],
    "reports/binance-public-archive/quarter-hour-order-flow-2026-06-v2.json": [
      {
        "type": "Hex High Entropy String",
        "filename": "reports/binance-public-archive/quarter-hour-order-flow-2026-06-v2.json",
        "hashed_secret": "9266fe550d70682eba57f0bf39fa351472b6c77d",
        "is_verified": false,
        "line_number": 24
      },
      {
        "type": "Hex High Entropy String",
        "filename": "reports/binance-public-archive/quarter-hour-order-flow-2026-06-v2.json",
        "hashed_secret": "4fd0a4d091c5e2406e04e0d5b4b17f424aef0a10",
        "is_verified": false,
        "line_number": 25
      },
      {
        "type": "Hex High Entropy String",
        "filename": "reports/binance-public-archive/quarter-hour-order-flow-2026-06-v2.json",
        "hashed_secret": "8d67f9e0c8bdea98e644d45213c787013b41dcbc",
        "is_verified": false,
        "line_number": 26
      },
      {
        "type": "Hex High Entropy String",
        "filename": "reports/binance-public-archive/quarter-hour-order-flow-2026-06-v2.json",
        "hashed_secret": "3d05d42feccb3596a9a04e532a20f64e7fa25f7d",
        "is_verified": false,
        "line_number": 61
      },
      {
        "type": "Hex High Entropy String",
        "filename": "reports/binance-public-archive/quarter-hour-order-flow-2026-06-v2.json",
        "hashed_secret": "6f81574d9f9107f4f6d2672f2222f9f0e075c0f0",
        "is_verified": false,
        "line_number": 63
      }
    ],
    "reports/binance-public-archive/quarter-hour-order-flow-2026-07-v1.json": [
      {
        "type": "Hex High Entropy String",
        "filename": "reports/binance-public-archive/quarter-hour-order-flow-2026-07-v1.json",
        "hashed_secret": "f345507a460c47c92fc32f6fdd78bb851ed73c8d",
        "is_verified": false,
        "line_number": 24
      },
      {
        "type": "Hex High Entropy String",
        "filename": "reports/binance-public-archive/quarter-hour-order-flow-2026-07-v1.json",
        "hashed_secret": "ab7c0c832e75cd7ac01086880f24350f1e22a3b4",
        "is_verified": false,
        "line_number": 25
      },
      {
        "type": "Hex High Entropy String",
        "filename": "reports/binance-public-archive/quarter-hour-order-flow-2026-07-v1.json",
        "hashed_secret": "703da334a248f3793b8f277ccb243b21976db73a",
        "is_verified": false,
        "line_number": 26
      },
      {
        "type": "Hex High Entropy String",
        "filename": "reports/binance-public-archive/quarter-hour-order-flow-2026-07-v1.json",
        "hashed_secret": "36407921cde4d6c441725b2d2a3b6c5cd2504213",
        "is_verified": false,
        "line_number": 61
      },
      {
        "type": "Hex High Entropy String",
        "filename": "reports/binance-public-archive/quarter-hour-order-flow-2026-07-v1.json",
        "hashed_secret": "bfe57514822c6c4dc66ca9052d76d6f37608d3f6",
        "is_verified": false,
        "line_number": 63
      }
    ],
    "reports/binance-public-archive/quarter-hour-order-flow-2026-07-v3.json": [
      {
        "type": "Hex High Entropy String",
        "filename": "reports/binance-public-archive/quarter-hour-order-flow-2026-07-v3.json",
        "hashed_secret": "f345507a460c47c92fc32f6fdd78bb851ed73c8d",
        "is_verified": false,
        "line_number": 24
      },
      {
        "type": "Hex High Entropy String",
        "filename": "reports/binance-public-archive/quarter-hour-order-flow-2026-07-v3.json",
        "hashed_secret": "ab7c0c832e75cd7ac01086880f24350f1e22a3b4",
        "is_verified": false,
        "line_number": 25
      },
      {
        "type": "Hex High Entropy String",
        "filename": "reports/binance-public-archive/quarter-hour-order-flow-2026-07-v3.json",
        "hashed_secret": "703da334a248f3793b8f277ccb243b21976db73a",
        "is_verified": false,
        "line_number": 26
      },
      {
        "type": "Hex High Entropy String",
        "filename": "reports/binance-public-archive/quarter-hour-order-flow-2026-07-v3.json",
        "hashed_secret": "3d05d42feccb3596a9a04e532a20f64e7fa25f7d",
        "is_verified": false,
        "line_number": 61
      },
      {
        "type": "Hex High Entropy String",
        "filename": "reports/binance-public-archive/quarter-hour-order-flow-2026-07-v3.json",
        "hashed_secret": "bfe57514822c6c4dc66ca9052d76d6f37608d3f6",
        "is_verified": false,
        "line_number": 63
      }
    ],
    "reports/binance-public-archive/rotation-2026-06-prune-v1.json": [
      {
        "type": "Hex High Entropy String",
        "filename": "reports/binance-public-archive/rotation-2026-06-prune-v1.json",
        "hashed_secret": "7cc4da05138ed58b9ef17e7a6ecdf308b76753d4",
        "is_verified": false,
        "line_number": 9
      },
      {
        "type": "Hex High Entropy String",
        "filename": "reports/binance-public-archive/rotation-2026-06-prune-v1.json",
        "hashed_secret": "fd17ad85b75d325eb074ef824856d638c8e879e0",
        "is_verified": false,
        "line_number": 14
      },
      {
        "type": "Hex High Entropy String",
        "filename": "reports/binance-public-archive/rotation-2026-06-prune-v1.json",
        "hashed_secret": "0df7c19f22ad15fd1311dfa76e3f2574b8a36b7f",
        "is_verified": false,
        "line_number": 19
      },
      {
        "type": "Hex High Entropy String",
        "filename": "reports/binance-public-archive/rotation-2026-06-prune-v1.json",
        "hashed_secret": "c7c21be7f3b398b32047e199509302d46a279b90",
        "is_verified": false,
        "line_number": 24
      },
      {
        "type": "Hex High Entropy String",
        "filename": "reports/binance-public-archive/rotation-2026-06-prune-v1.json",
        "hashed_secret": "b0a190f4c3af6842bdd17db619b0e922468ccbba",
        "is_verified": false,
        "line_number": 29
      },
      {
        "type": "Hex High Entropy String",
        "filename": "reports/binance-public-archive/rotation-2026-06-prune-v1.json",
        "hashed_secret": "8939d9e74385bab37b7eb8ce9297fb78117d92a8",
        "is_verified": false,
        "line_number": 34
      },
      {
        "type": "Hex High Entropy String",
        "filename": "reports/binance-public-archive/rotation-2026-06-prune-v1.json",
        "hashed_secret": "08bee63ec6d0e23eee8e4f821d105ddf81a7b2c6",
        "is_verified": false,
        "line_number": 39
      },
      {
        "type": "Hex High Entropy String",
        "filename": "reports/binance-public-archive/rotation-2026-06-prune-v1.json",
        "hashed_secret": "de8e66944b6fa107428cb305f13cac1ed5acc9f0",
        "is_verified": false,
        "line_number": 44
      },
      {
        "type": "Hex High Entropy String",
        "filename": "reports/binance-public-archive/rotation-2026-06-prune-v1.json",
        "hashed_secret": "02b6e48668c7ba467470268c5f9acdd281a70f3c",
        "is_verified": false,
        "line_number": 49
      },
      {
        "type": "Hex High Entropy String",
        "filename": "reports/binance-public-archive/rotation-2026-06-prune-v1.json",
        "hashed_secret": "d69fe8d1b24c5af89d12fcaac9644cf008c3b78b",
        "is_verified": false,
        "line_number": 54
      },
      {
        "type": "Hex High Entropy String",
        "filename": "reports/binance-public-archive/rotation-2026-06-prune-v1.json",
        "hashed_secret": "084bcfa283ac43d18e50002cddf7513c84445e75",
        "is_verified": false,
        "line_number": 59
      },
      {
        "type": "Hex High Entropy String",
        "filename": "reports/binance-public-archive/rotation-2026-06-prune-v1.json",
        "hashed_secret": "50ca5d18ad55e2853c72028d5b95a9806478bb03",
        "is_verified": false,
        "line_number": 64
      },
      {
        "type": "Hex High Entropy String",
        "filename": "reports/binance-public-archive/rotation-2026-06-prune-v1.json",
        "hashed_secret": "e543d49404e25b6b4a6954f96634a78e1625e33d",
        "is_verified": false,
        "line_number": 69
      },
      {
        "type": "Hex High Entropy String",
        "filename": "reports/binance-public-archive/rotation-2026-06-prune-v1.json",
        "hashed_secret": "307fc0a6ead0bcaefde73f6a88f16ebb97e23997",
        "is_verified": false,
        "line_number": 74
      },
      {
        "type": "Hex High Entropy String",
        "filename": "reports/binance-public-archive/rotation-2026-06-prune-v1.json",
        "hashed_secret": "dbf69a2a1f1063f66fe8b8891a608c9ea68a1b42",
        "is_verified": false,
        "line_number": 79
      },
      {
        "type": "Hex High Entropy String",
        "filename": "reports/binance-public-archive/rotation-2026-06-prune-v1.json",
        "hashed_secret": "d344397e9813b79c2c1749cef58ba63a0046eeb9",
        "is_verified": false,
        "line_number": 84
      },
      {
        "type": "Hex High Entropy String",
        "filename": "reports/binance-public-archive/rotation-2026-06-prune-v1.json",
        "hashed_secret": "8236324f3ac8028a02aec95f0f5e5765c726974d",
        "is_verified": false,
        "line_number": 89
      },
      {
        "type": "Hex High Entropy String",
        "filename": "reports/binance-public-archive/rotation-2026-06-prune-v1.json",
        "hashed_secret": "865a87d43f41cd8a783bf1e845b7ff942201c7c8",
        "is_verified": false,
        "line_number": 94
      },
      {
        "type": "Hex High Entropy String",
        "filename": "reports/binance-public-archive/rotation-2026-06-prune-v1.json",
        "hashed_secret": "83dd57513287206b4f9ff5c9046f9b5d6606e59b",
        "is_verified": false,
        "line_number": 99
      },
      {
        "type": "Hex High Entropy String",
        "filename": "reports/binance-public-archive/rotation-2026-06-prune-v1.json",
        "hashed_secret": "acf9a4ea87fceef9f08c02983818b679d1a16dac",
        "is_verified": false,
        "line_number": 104
      },
      {
        "type": "Hex High Entropy String",
        "filename": "reports/binance-public-archive/rotation-2026-06-prune-v1.json",
        "hashed_secret": "4972807493f77ddd6d89a1ea5ffa9b3eda1bf4f9",
        "is_verified": false,
        "line_number": 109
      },
      {
        "type": "Hex High Entropy String",
        "filename": "reports/binance-public-archive/rotation-2026-06-prune-v1.json",
        "hashed_secret": "2c24419e116683cf128414fa527ebd7d12ae14ca",
        "is_verified": false,
        "line_number": 114
      },
      {
        "type": "Hex High Entropy String",
        "filename": "reports/binance-public-archive/rotation-2026-06-prune-v1.json",
        "hashed_secret": "551568b802c9d66b0e318bf0b4bcf5e48ff245f1",
        "is_verified": false,
        "line_number": 119
      },
      {
        "type": "Hex High Entropy String",
        "filename": "reports/binance-public-archive/rotation-2026-06-prune-v1.json",
        "hashed_secret": "63db7081b4f40b93840c9efe1117170697d61f3b",
        "is_verified": false,
        "line_number": 124
      },
      {
        "type": "Hex High Entropy String",
        "filename": "reports/binance-public-archive/rotation-2026-06-prune-v1.json",
        "hashed_secret": "6f238b47e0f8f4e6259a21005a2271fe3587ba49",
        "is_verified": false,
        "line_number": 129
      },
      {
        "type": "Hex High Entropy String",
        "filename": "reports/binance-public-archive/rotation-2026-06-prune-v1.json",
        "hashed_secret": "8f7c1899884acadf0fdd46b07aeda74254ababf0",
        "is_verified": false,
        "line_number": 134
      },
      {
        "type": "Hex High Entropy String",
        "filename": "reports/binance-public-archive/rotation-2026-06-prune-v1.json",
        "hashed_secret": "5c12278b1cde83ab07c07f9361efcdf66bdf2d0d",
        "is_verified": false,
        "line_number": 139
      },
      {
        "type": "Hex High Entropy String",
        "filename": "reports/binance-public-archive/rotation-2026-06-prune-v1.json",
        "hashed_secret": "e020c9a83785447da2dcc39cb4f766988af46905",
        "is_verified": false,
        "line_number": 144
      },
      {
        "type": "Hex High Entropy String",
        "filename": "reports/binance-public-archive/rotation-2026-06-prune-v1.json",
        "hashed_secret": "d467afd6d6125a5c8c98bc041274de3fd2f184e0",
        "is_verified": false,
        "line_number": 149
      },
      {
        "type": "Hex High Entropy String",
        "filename": "reports/binance-public-archive/rotation-2026-06-prune-v1.json",
        "hashed_secret": "684c8bbb41ef78f3c43bfc571f75e57b1c8a009e",
        "is_verified": false,
        "line_number": 154
      },
      {
        "type": "Hex High Entropy String",
        "filename": "reports/binance-public-archive/rotation-2026-06-prune-v1.json",
        "hashed_secret": "aa21a80c978f7d2958d2bf2409dacfa623dec860",
        "is_verified": false,
        "line_number": 159
      },
      {
        "type": "Hex High Entropy String",
        "filename": "reports/binance-public-archive/rotation-2026-06-prune-v1.json",
        "hashed_secret": "53b02851f6f73ac2f976771802f9ee42c298d381",
        "is_verified": false,
        "line_number": 164
      },
      {
        "type": "Hex High Entropy String",
        "filename": "reports/binance-public-archive/rotation-2026-06-prune-v1.json",
        "hashed_secret": "1510e5cfd5d162a49740bede45f980aaab5376f7",
        "is_verified": false,
        "line_number": 169
      },
      {
        "type": "Hex High Entropy String",
        "filename": "reports/binance-public-archive/rotation-2026-06-prune-v1.json",
        "hashed_secret": "431e6f9e4d956a331db4e628686eac43d8234e3a",
        "is_verified": false,
        "line_number": 174
      },
      {
        "type": "Hex High Entropy String",
        "filename": "reports/binance-public-archive/rotation-2026-06-prune-v1.json",
        "hashed_secret": "7a76d9a3beec7e2ca3d1cc05ffbe35530a6ce3e6",
        "is_verified": false,
        "line_number": 179
      },
      {
        "type": "Hex High Entropy String",
        "filename": "reports/binance-public-archive/rotation-2026-06-prune-v1.json",
        "hashed_secret": "c71f84a9033f41d9dcfa29fe0118b5223a334a19",
        "is_verified": false,
        "line_number": 184
      },
      {
        "type": "Hex High Entropy String",
        "filename": "reports/binance-public-archive/rotation-2026-06-prune-v1.json",
        "hashed_secret": "59c64347d47f6f90ea0a37176b597221c705feff",
        "is_verified": false,
        "line_number": 189
      },
      {
        "type": "Hex High Entropy String",
        "filename": "reports/binance-public-archive/rotation-2026-06-prune-v1.json",
        "hashed_secret": "af75dbb66bc263d36db622aaf736e6340a94b7ab",
        "is_verified": false,
        "line_number": 194
      },
      {
        "type": "Hex High Entropy String",
        "filename": "reports/binance-public-archive/rotation-2026-06-prune-v1.json",
        "hashed_secret": "0faa5688bdf627e20863c74a5f7c65d16488732f",
        "is_verified": false,
        "line_number": 199
      },
      {
        "type": "Hex High Entropy String",
        "filename": "reports/binance-public-archive/rotation-2026-06-prune-v1.json",
        "hashed_secret": "84138eda697cf5009f6010bfe06b98d97759c0ba",
        "is_verified": false,
        "line_number": 204
      },
      {
        "type": "Hex High Entropy String",
        "filename": "reports/binance-public-archive/rotation-2026-06-prune-v1.json",
        "hashed_secret": "a5994881fb1dd9e348d250b0e635146bfe62dcba",
        "is_verified": false,
        "line_number": 209
      },
      {
        "type": "Hex High Entropy String",
        "filename": "reports/binance-public-archive/rotation-2026-06-prune-v1.json",
        "hashed_secret": "333b31e7e34198296192a72badfddc86b4d8af69",
        "is_verified": false,
        "line_number": 214
      },
      {
        "type": "Hex High Entropy String",
        "filename": "reports/binance-public-archive/rotation-2026-06-prune-v1.json",
        "hashed_secret": "2de508929176345a93e6c98e1e38503938de49c3",
        "is_verified": false,
        "line_number": 219
      },
      {
        "type": "Hex High Entropy String",
        "filename": "reports/binance-public-archive/rotation-2026-06-prune-v1.json",
        "hashed_secret": "d5fb4d21168937e3869f4f446e2333c325560931",
        "is_verified": false,
        "line_number": 224
      },
      {
        "type": "Hex High Entropy String",
        "filename": "reports/binance-public-archive/rotation-2026-06-prune-v1.json",
        "hashed_secret": "412cd27059c66f97d82cbc33178579c5cd150003",
        "is_verified": false,
        "line_number": 229
      },
      {
        "type": "Hex High Entropy String",
        "filename": "reports/binance-public-archive/rotation-2026-06-prune-v1.json",
        "hashed_secret": "d3038e12058f81deee7a9d8f9ef804c733ead01c",
        "is_verified": false,
        "line_number": 234
      },
      {
        "type": "Hex High Entropy String",
        "filename": "reports/binance-public-archive/rotation-2026-06-prune-v1.json",
        "hashed_secret": "425d7e57858709281379946cb79b8495c59154ab",
        "is_verified": false,
        "line_number": 239
      },
      {
        "type": "Hex High Entropy String",
        "filename": "reports/binance-public-archive/rotation-2026-06-prune-v1.json",
        "hashed_secret": "e0c3506eeebbd8f351da32d0293c6beb9c96caa4",
        "is_verified": false,
        "line_number": 244
      }
    ],
    "reports/binance-public-archive/selective-gate-2026-06-07-v1.json": [
      {
        "type": "Hex High Entropy String",
        "filename": "reports/binance-public-archive/selective-gate-2026-06-07-v1.json",
        "hashed_secret": "edc3fb94b02a25f4c58b6963f509f7cd9ef35ea8",
        "is_verified": false,
        "line_number": 1364
      },
      {
        "type": "Hex High Entropy String",
        "filename": "reports/binance-public-archive/selective-gate-2026-06-07-v1.json",
        "hashed_secret": "fbdcf71919c1197df5f0b4403703f1a8916941b9",
        "is_verified": false,
        "line_number": 1368
      },
      {
        "type": "Hex High Entropy String",
        "filename": "reports/binance-public-archive/selective-gate-2026-06-07-v1.json",
        "hashed_secret": "48716b03737ff442af0e5a2e5fdee86afd208efd",
        "is_verified": false,
        "line_number": 1372
      },
      {
        "type": "Hex High Entropy String",
        "filename": "reports/binance-public-archive/selective-gate-2026-06-07-v1.json",
        "hashed_secret": "10ded183562e6d3825188cc66edcbcb72c46cc48",
        "is_verified": false,
        "line_number": 1376
      },
      {
        "type": "Hex High Entropy String",
        "filename": "reports/binance-public-archive/selective-gate-2026-06-07-v1.json",
        "hashed_secret": "d6466940a4b76dafbbc574a2633b1e8f462c0ba0",
        "is_verified": false,
        "line_number": 1380
      },
      {
        "type": "Hex High Entropy String",
        "filename": "reports/binance-public-archive/selective-gate-2026-06-07-v1.json",
        "hashed_secret": "5c72bfc19f9dc4a350654eb6ab6563b5f20093c0",
        "is_verified": false,
        "line_number": 1384
      }
    ],
    "reports/binance-public-archive/storage-restore-2026-06-sol-aggtrades-v1.json": [
      {
        "type": "Base64 High Entropy String",
        "filename": "reports/binance-public-archive/storage-restore-2026-06-sol-aggtrades-v1.json",
        "hashed_secret": "aae2be654cab448d4103b9e9fd5ff94a8ae83c5b",
        "is_verified": false,
        "line_number": 12
      },
      {
        "type": "Hex High Entropy String",
        "filename": "reports/binance-public-archive/storage-restore-2026-06-sol-aggtrades-v1.json",
        "hashed_secret": "ddf36a09196775dec7188d294f852b8ae146522d",
        "is_verified": false,
        "line_number": 14
      },
      {
        "type": "Base64 High Entropy String",
        "filename": "reports/binance-public-archive/storage-restore-2026-06-sol-aggtrades-v1.json",
        "hashed_secret": "fc964933819f96437318e9bcddf11418cd8306ce",
        "is_verified": false,
        "line_number": 19
      }
    ],
    "reports/hyperliquid-bybit-funding-carry/manifest.json": [
      {
        "type": "Hex High Entropy String",
        "filename": "reports/hyperliquid-bybit-funding-carry/manifest.json",
        "hashed_secret": "e05ecf0051bc721385193c49932edabc112d7d9f",
        "is_verified": false,
        "line_number": 69
      },
      {
        "type": "Hex High Entropy String",
        "filename": "reports/hyperliquid-bybit-funding-carry/manifest.json",
        "hashed_secret": "3c054caf11bbc68fb9b2a053e6891fd4be4b8969",
        "is_verified": false,
        "line_number": 70
      },
      {
        "type": "Hex High Entropy String",
        "filename": "reports/hyperliquid-bybit-funding-carry/manifest.json",
        "hashed_secret": "7ca7b3f525999407654159bd95510485510c8013",
        "is_verified": false,
        "line_number": 71
      },
      {
        "type": "Hex High Entropy String",
        "filename": "reports/hyperliquid-bybit-funding-carry/manifest.json",
        "hashed_secret": "cb3c704c651695875c7c2b258049df59d2a08eac",
        "is_verified": false,
        "line_number": 72
      },
      {
        "type": "Hex High Entropy String",
        "filename": "reports/hyperliquid-bybit-funding-carry/manifest.json",
        "hashed_secret": "abaca2237cdc8840dc47545c875d8ecc6fe94890",
        "is_verified": false,
        "line_number": 75
      },
      {
        "type": "Hex High Entropy String",
        "filename": "reports/hyperliquid-bybit-funding-carry/manifest.json",
        "hashed_secret": "3532a6b7c81254e580442370262d594cfa57b13a",
        "is_verified": false,
        "line_number": 76
      },
      {
        "type": "Hex High Entropy String",
        "filename": "reports/hyperliquid-bybit-funding-carry/manifest.json",
        "hashed_secret": "12655c3827192484303d3d69a9fe46ec6a3fcf55",
        "is_verified": false,
        "line_number": 77
      },
      {
        "type": "Hex High Entropy String",
        "filename": "reports/hyperliquid-bybit-funding-carry/manifest.json",
        "hashed_secret": "382696ccd5d421291f84986783f7c0eb3da8afe9",
        "is_verified": false,
        "line_number": 78
      },
      {
        "type": "Hex High Entropy String",
        "filename": "reports/hyperliquid-bybit-funding-carry/manifest.json",
        "hashed_secret": "d534ddab006ff6cadcd8b80f7461c715ad36dde8",
        "is_verified": false,
        "line_number": 81
      },
      {
        "type": "Hex High Entropy String",
        "filename": "reports/hyperliquid-bybit-funding-carry/manifest.json",
        "hashed_secret": "6c04ea3b2c2622c81836339179001306a5c378c8",
        "is_verified": false,
        "line_number": 82
      },
      {
        "type": "Hex High Entropy String",
        "filename": "reports/hyperliquid-bybit-funding-carry/manifest.json",
        "hashed_secret": "5ca3e3b294537cfbb4eaafe86d95f27648f2993e",
        "is_verified": false,
        "line_number": 83
      },
      {
        "type": "Hex High Entropy String",
        "filename": "reports/hyperliquid-bybit-funding-carry/manifest.json",
        "hashed_secret": "d28807c7e149ec714bc5329a5fa3d229479e53c5",
        "is_verified": false,
        "line_number": 84
      }
    ],
    "reports/hyperliquid-bybit-funding-carry/sensitivity_manifest.json": [
      {
        "type": "Hex High Entropy String",
        "filename": "reports/hyperliquid-bybit-funding-carry/sensitivity_manifest.json",
        "hashed_secret": "e05ecf0051bc721385193c49932edabc112d7d9f",
        "is_verified": false,
        "line_number": 11
      },
      {
        "type": "Hex High Entropy String",
        "filename": "reports/hyperliquid-bybit-funding-carry/sensitivity_manifest.json",
        "hashed_secret": "3c054caf11bbc68fb9b2a053e6891fd4be4b8969",
        "is_verified": false,
        "line_number": 12
      },
      {
        "type": "Hex High Entropy String",
        "filename": "reports/hyperliquid-bybit-funding-carry/sensitivity_manifest.json",
        "hashed_secret": "7ca7b3f525999407654159bd95510485510c8013",
        "is_verified": false,
        "line_number": 13
      },
      {
        "type": "Hex High Entropy String",
        "filename": "reports/hyperliquid-bybit-funding-carry/sensitivity_manifest.json",
        "hashed_secret": "cb3c704c651695875c7c2b258049df59d2a08eac",
        "is_verified": false,
        "line_number": 14
      },
      {
        "type": "Hex High Entropy String",
        "filename": "reports/hyperliquid-bybit-funding-carry/sensitivity_manifest.json",
        "hashed_secret": "abaca2237cdc8840dc47545c875d8ecc6fe94890",
        "is_verified": false,
        "line_number": 17
      },
      {
        "type": "Hex High Entropy String",
        "filename": "reports/hyperliquid-bybit-funding-carry/sensitivity_manifest.json",
        "hashed_secret": "3532a6b7c81254e580442370262d594cfa57b13a",
        "is_verified": false,
        "line_number": 18
      },
      {
        "type": "Hex High Entropy String",
        "filename": "reports/hyperliquid-bybit-funding-carry/sensitivity_manifest.json",
        "hashed_secret": "12655c3827192484303d3d69a9fe46ec6a3fcf55",
        "is_verified": false,
        "line_number": 19
      },
      {
        "type": "Hex High Entropy String",
        "filename": "reports/hyperliquid-bybit-funding-carry/sensitivity_manifest.json",
        "hashed_secret": "382696ccd5d421291f84986783f7c0eb3da8afe9",
        "is_verified": false,
        "line_number": 20
      },
      {
        "type": "Hex High Entropy String",
        "filename": "reports/hyperliquid-bybit-funding-carry/sensitivity_manifest.json",
        "hashed_secret": "d534ddab006ff6cadcd8b80f7461c715ad36dde8",
        "is_verified": false,
        "line_number": 23
      },
      {
        "type": "Hex High Entropy String",
        "filename": "reports/hyperliquid-bybit-funding-carry/sensitivity_manifest.json",
        "hashed_secret": "6c04ea3b2c2622c81836339179001306a5c378c8",
        "is_verified": false,
        "line_number": 24
      },
      {
        "type": "Hex High Entropy String",
        "filename": "reports/hyperliquid-bybit-funding-carry/sensitivity_manifest.json",
        "hashed_secret": "5ca3e3b294537cfbb4eaafe86d95f27648f2993e",
        "is_verified": false,
        "line_number": 25
      },
      {
        "type": "Hex High Entropy String",
        "filename": "reports/hyperliquid-bybit-funding-carry/sensitivity_manifest.json",
        "hashed_secret": "d28807c7e149ec714bc5329a5fa3d229479e53c5",
        "is_verified": false,
        "line_number": 26
      }
    ],
    "tests/unit/test_live_preflight.py": [
      {
        "type": "Secret Keyword",
        "filename": "tests/unit/test_live_preflight.py",
        "hashed_secret": "a62f2225bf70bfaccbc7f1ef2a397836717377de",
        "is_verified": false,
        "line_number": 49
      }
    ]
  },
  "generated_at": "2026-08-30T13:14:21Z"
}
