{
  "version": "1.5.0",
  "plugins_used": [
    {
      "name": "ArtifactoryDetector"
    },
    {
      "name": "AWSKeyDetector"
    },
    {
      "name": "AzureStorageKeyDetector"
    },
    {
      "name": "Base64HighEntropyString",
      "limit": 4.5
    },
    {
      "name": "BasicAuthDetector"
    },
    {
      "name": "CloudantDetector"
    },
    {
      "name": "DiscordBotTokenDetector"
    },
    {
      "name": "GitHubTokenDetector"
    },
    {
      "name": "GitLabTokenDetector"
    },
    {
      "name": "HexHighEntropyString",
      "limit": 3.0
    },
    {
      "name": "IbmCloudIamDetector"
    },
    {
      "name": "IbmCosHmacDetector"
    },
    {
      "name": "IPPublicDetector"
    },
    {
      "name": "JwtTokenDetector"
    },
    {
      "name": "KeywordDetector",
      "keyword_exclude": ""
    },
    {
      "name": "MailchimpDetector"
    },
    {
      "name": "NpmDetector"
    },
    {
      "name": "OpenAIDetector"
    },
    {
      "name": "PrivateKeyDetector"
    },
    {
      "name": "PypiTokenDetector"
    },
    {
      "name": "SendGridDetector"
    },
    {
      "name": "SlackDetector"
    },
    {
      "name": "SoftlayerDetector"
    },
    {
      "name": "SquareOAuthDetector"
    },
    {
      "name": "StripeDetector"
    },
    {
      "name": "TelegramBotTokenDetector"
    },
    {
      "name": "TwilioKeyDetector"
    }
  ],
  "filters_used": [
    {
      "path": "detect_secrets.filters.allowlist.is_line_allowlisted"
    },
    {
      "path": "detect_secrets.filters.common.is_baseline_file",
      "filename": ".secrets.baseline"
    },
    {
      "path": "detect_secrets.filters.common.is_ignored_due_to_verification_policies",
      "min_level": 2
    },
    {
      "path": "detect_secrets.filters.heuristic.is_indirect_reference"
    },
    {
      "path": "detect_secrets.filters.heuristic.is_likely_id_string"
    },
    {
      "path": "detect_secrets.filters.heuristic.is_lock_file"
    },
    {
      "path": "detect_secrets.filters.heuristic.is_not_alphanumeric_string"
    },
    {
      "path": "detect_secrets.filters.heuristic.is_potential_uuid"
    },
    {
      "path": "detect_secrets.filters.heuristic.is_prefixed_with_dollar_sign"
    },
    {
      "path": "detect_secrets.filters.heuristic.is_sequential_string"
    },
    {
      "path": "detect_secrets.filters.heuristic.is_swagger_file"
    },
    {
      "path": "detect_secrets.filters.heuristic.is_templated_secret"
    },
    {
      "path": "detect_secrets.filters.regex.should_exclude_file",
      "pattern": [
        "\\.git/"
      ]
    }
  ],
  "results": {
    "reports/hyperliquid-bybit-funding-carry/manifest.json": [
      {
        "type": "Hex High Entropy String",
        "filename": "reports/hyperliquid-bybit-funding-carry/manifest.json",
        "hashed_secret": "e05ecf0051bc721385193c49932edabc112d7d9f",
        "is_verified": false,
        "line_number": 69
      },
      {
        "type": "Hex High Entropy String",
        "filename": "reports/hyperliquid-bybit-funding-carry/manifest.json",
        "hashed_secret": "3c054caf11bbc68fb9b2a053e6891fd4be4b8969",
        "is_verified": false,
        "line_number": 70
      },
      {
        "type": "Hex High Entropy String",
        "filename": "reports/hyperliquid-bybit-funding-carry/manifest.json",
        "hashed_secret": "7ca7b3f525999407654159bd95510485510c8013",
        "is_verified": false,
        "line_number": 71
      },
      {
        "type": "Hex High Entropy String",
        "filename": "reports/hyperliquid-bybit-funding-carry/manifest.json",
        "hashed_secret": "cb3c704c651695875c7c2b258049df59d2a08eac",
        "is_verified": false,
        "line_number": 72
      },
      {
        "type": "Hex High Entropy String",
        "filename": "reports/hyperliquid-bybit-funding-carry/manifest.json",
        "hashed_secret": "abaca2237cdc8840dc47545c875d8ecc6fe94890",
        "is_verified": false,
        "line_number": 75
      },
      {
        "type": "Hex High Entropy String",
        "filename": "reports/hyperliquid-bybit-funding-carry/manifest.json",
        "hashed_secret": "3532a6b7c81254e580442370262d594cfa57b13a",
        "is_verified": false,
        "line_number": 76
      },
      {
        "type": "Hex High Entropy String",
        "filename": "reports/hyperliquid-bybit-funding-carry/manifest.json",
        "hashed_secret": "12655c3827192484303d3d69a9fe46ec6a3fcf55",
        "is_verified": false,
        "line_number": 77
      },
      {
        "type": "Hex High Entropy String",
        "filename": "reports/hyperliquid-bybit-funding-carry/manifest.json",
        "hashed_secret": "382696ccd5d421291f84986783f7c0eb3da8afe9",
        "is_verified": false,
        "line_number": 78
      },
      {
        "type": "Hex High Entropy String",
        "filename": "reports/hyperliquid-bybit-funding-carry/manifest.json",
        "hashed_secret": "d534ddab006ff6cadcd8b80f7461c715ad36dde8",
        "is_verified": false,
        "line_number": 81
      },
      {
        "type": "Hex High Entropy String",
        "filename": "reports/hyperliquid-bybit-funding-carry/manifest.json",
        "hashed_secret": "6c04ea3b2c2622c81836339179001306a5c378c8",
        "is_verified": false,
        "line_number": 82
      },
      {
        "type": "Hex High Entropy String",
        "filename": "reports/hyperliquid-bybit-funding-carry/manifest.json",
        "hashed_secret": "5ca3e3b294537cfbb4eaafe86d95f27648f2993e",
        "is_verified": false,
        "line_number": 83
      },
      {
        "type": "Hex High Entropy String",
        "filename": "reports/hyperliquid-bybit-funding-carry/manifest.json",
        "hashed_secret": "d28807c7e149ec714bc5329a5fa3d229479e53c5",
        "is_verified": false,
        "line_number": 84
      }
    ],
    "tests/unit/test_live_preflight.py": [
      {
        "type": "Secret Keyword",
        "filename": "tests/unit/test_live_preflight.py",
        "hashed_secret": "a62f2225bf70bfaccbc7f1ef2a397836717377de",
        "is_verified": false,
        "line_number": 49
      }
    ]
  },
  "generated_at": "2026-08-27T15:38:30Z"
}
